Testing /api/analyze with path: C:\Users\Yash\Desktop\TechTitans\gitlens-intelligence
Analysis Status: 200
Analysis result keys: [
  'repoName',
  'analyzedAt',
  'churn',
  'busFactor',
  'workload',
  'commitTypes',
  'automation',
  'knowledgeDecay'
]

Testing /api/history...
History Status: 200
History data length: 2

Testing /api/report...
node : Fetch error: SyntaxError: 
Unexpected token '<', "<!DOCTYPE 
"... is not valid JSON
At line:1 char:1
+ node test_api.mjs > 
test_output.txt 2>&1
+ ~~~~~~~~~~~~~~~~~~~~~~~~~~~~~~~~
~~~~~~~~
    + CategoryInfo          : Not 
   Specified: (Fetch error: Sy..  
  . not valid JSON:String) [],    
 RemoteException
    + FullyQualifiedErrorId : Nat 
   iveCommandError
 
    at JSON.parse (<anonymous>)
    at parseJSONFromBytes (node:in
ternal/deps/undici/undici:6433:19)
    at successSteps (node:internal
/deps/undici/undici:6414:27)
    at readAllBytes (node:internal
/deps/undici/undici:5380:13)
    at 
process.processTicksAndRejections 
(node:internal/process/task_queues
:103:5)
